; Top Design: "EE 456 Design 1_lib:Ideal TRLs DC:schematic"
; Netlisted using Hierarchy Policy: "Standard"

Options ResourceUsage=yes UseNutmegFormat=no EnableOptim=no TopDesignName="EE 456 Design 1_lib:Ideal TRLs DC:schematic" DcopOutputNodeVoltages=yes DcopOutputPinCurrents=yes DcopOutputAllSweepPoints=no DcopOutputDcopType=0
S_Param:SP1 CalcS=yes CalcY=no CalcZ=no GroupDelayAperture=1e-4 FreqConversion=no FreqConversionPort=1 StatusLevel=2 CalcNoise=no SortNoise=0 BandwidthForNoise=1.0 Hz DevOpPtLevel=0 SPSS_WSP=yes \
SweepVar="freq" SweepPlan="SP1_stim" OutputPlan="SP1_Output" 

SweepPlan: SP1_stim Start=8 GHz Stop=22 GHz Step=5 MHz 

OutputPlan:SP1_Output \
      Type="Output" \
      UseEquationNestLevel=yes \
      EquationNestLevel=2 \
      UseSavedEquationNestLevel=yes \
      SavedEquationNestLevel=2

#load "python","LinearCollapse"
Component Module="LinearCollapse" Type="ModelExtractor" NetworkRepresentation=2
Port:Term2  N__19 0 Num=2 Z=50 Ohm Noise=yes 
Port:Term1  N__2 0 Num=1 Z=50 Ohm Noise=yes 

;#@# autodisplay="S_Params_Quad_dB_Smith"

f0=13.416407865 GHz
Co1=314.4320 fF
Lo2=742.7129 pH
Lo3=473.3621 pH
Co4=278.2398 fF
Co5=225.1913 fF
Co6=20.8058 fF
Lo7=572.0549 pG
Ci1=114.2435 fF
Li2=673.0577 pG
Li3=459.9278 pG
Ci4=208.6043 fF
Ci5=288.7183 fF
Ci6=58.4350 fF
Li7=852.9341 pH
#uselib "ckt" , "SnP"
SnP:SnP1  N__16 N__12 NumPorts=2 File="C:\Users\Adminimal\Documents\MATLAB\WNE\WNE_SP25\EE456\EE456_Design_Projects\EE456_Design_Project_3_v3\NE321000.s2p" Type="touchstone" InterpMode="linear" InterpDom="" ExtrapMode="constant" Temp=27.0 CheckPassivity=0 
#load "python","PostProcessing"
Controller Module="PostProcessing" \ 
PostProcessingModule="SPOutput" \ 
Argument[1] = "Design_3_IMN_OMN_Placzek" \ 
Argument[2] = "touchstone" \ 
Argument[3] = "MA"  
L:L1  N__9 N__10 L=Li2 Noise=yes  
L:L2  N__9 0 L=Li3 Noise=yes  
C:C4  N__2 0 C=Ci6 
C:C2  N__9 0 C=Ci4 

Options:Options1 Temp=16.85 Tnom=25 TopologyCheck=yes ForceS_Params=yes GiveAllWarnings=yes  \
MaxWarnings=10 ForceM_Params=yes InitialGuessAnnotation=0 TopologyCheckMessages=no doDeltaAC=no  \
ReduceSPortRatio=0.5 WarnSOA=yes MaxWarnSOA=5 Census=no MinNodalR=1e-2 Ohm  \
LargeCapThreshold=1e-3 F EnableAssertChecks=no EnableSpareRemoval=yes 

L:L3  N__2 0 L=Li7 Noise=yes  
C:C3  N__2 N__9 C=Ci5 
C:C1  N__10 N__16 C=Ci1 
C:C5  N__12 N__6 C=Co1 
L:L4  N__6 N__17 L=Lo2 Noise=yes  
L:L5  N__17 0 L=Lo3 Noise=yes  
C:C6  N__17 0 C=Co4 
C:C7  N__17 N__3 C=Co5 
C:C8  N__3 0 C=Co6 
L:L6  N__3 N__19 L=Lo7 Noise=yes  
